#-----------------------------------------------------------
# Vivado v2024.2 (64-bit)
# SW Build 5239630 on Fri Nov 08 22:35:27 MST 2024
# IP Build 5239520 on Sun Nov 10 16:12:51 MST 2024
# SharedData Build 5239561 on Fri Nov 08 14:39:27 MST 2024
# Start of session at: Thu Apr 24 17:11:42 2025
# Process ID         : 12180
# Current directory  : C:/Users/andrej/Desktop/DE1 project/Digital_Scoreboard
# Command line       : vivado.exe -gui_launcher_event rodinguilauncherevent13492 C:\Users\andrej\Desktop\DE1 project\Digital_Scoreboard\Digital_Scoreboard.xpr
# Log file           : C:/Users/andrej/Desktop/DE1 project/Digital_Scoreboard/vivado.log
# Journal file       : C:/Users/andrej/Desktop/DE1 project/Digital_Scoreboard\vivado.jou
# Running On         : DESKTOP-NA8KE1C
# Platform           : Windows Server 2016 or Windows 10
# Operating System   : 26100
# Processor Detail   : 12th Gen Intel(R) Core(TM) i7-12700H
# CPU Frequency      : 2688 MHz
# CPU Physical cores : 14
# CPU Logical cores  : 20
# Host memory        : 33960 MB
# Swap memory        : 2147 MB
# Total Virtual      : 36108 MB
# Available Virtual  : 25767 MB
#-----------------------------------------------------------
start_gui
open_project {C:/Users/andrej/Desktop/DE1 project/Digital_Scoreboard/Digital_Scoreboard.xpr}
update_compile_order -fileset sources_1
